python : C:\Users\vijay\AppDa
ta\Local\Programs\Python\Pyth
on311\Lib\site-packages\torch
\_utils.py:831: UserWarning: 
TypedStorage is deprecated. 
It will be removed in the 
future and UntypedStorage 
will be the only storage 
class. This should only 
matter to you if you are 
using storages directly.  To 
access UntypedStorage 
directly, use 
tensor.untyped_storage() 
instead of tensor.storage()
At line:1 char:1
+ python test_services.py > 
test_log.txt 2>&1
+ ~~~~~~~~~~~~~~~~~~~~~~~~~~~
~~~~~~~~~~~~~~~~
    + CategoryInfo           
   : NotSpecified: (C:\User  
  s\vijay\...ensor.storage   
 ():String) [], RemoteExc    
eption
    + FullyQualifiedErrorId  
   : NativeCommandError
 
  return 
self.fget.__get__(instance, 
owner)()
Disabling PyTorch because 
PyTorch >= 2.4 is required 
but found 2.1.2
PyTorch was not found. 
Models won't be available 
and only tokenizers, 
configuration and file/data 
utilities can be used.
Traceback (most recent call 
last):
  File "C:\Users\vijay\OneDri
ve\Desktop\audiototext\lectur
e-ai-project\test_services.py
", line 24, in <module>
    from 
backend.services.rag_service 
import RAGService
  File "C:\Users\vijay\OneDri
ve\Desktop\audiototext\lectur
e-ai-project\backend\services
\rag_service.py", line 3, in 
<module>
    from langchain_community.
document_loaders import 
TextLoader
  File "<frozen 
importlib._bootstrap>", line 
1229, in _handle_fromlist
  File "C:\Users\vijay\AppDat
a\Local\Programs\Python\Pytho
n311\Lib\site-packages\langch
ain_community\document_loader
s\__init__.py", line 740, in 
__getattr__
    module = importlib.import
_module(_module_lookup[name])
             ^^^^^^^^^^^^^^^^
^^^^^^^^^^^^^^^^^^^^^^^^^^^^^
  File "C:\Users\vijay\AppDat
a\Local\Programs\Python\Pytho
n311\Lib\importlib\__init__.p
y", line 126, in 
import_module
    return _bootstrap._gcd_im
port(name[level:], package, 
level)
           ^^^^^^^^^^^^^^^^^^
^^^^^^^^^^^^^^^^^^^^^^^^^^^^^
^^^^^
  File "C:\Users\vijay\AppDat
a\Local\Programs\Python\Pytho
n311\Lib\site-packages\langch
ain_community\document_loader
s\text.py", line 7, in 
<module>
    from langchain_community.
document_loaders.base import 
BaseLoader
  File "C:\Users\vijay\AppDat
a\Local\Programs\Python\Pytho
n311\Lib\site-packages\langch
ain_community\document_loader
s\base.py", line 1, in 
<module>
    from langchain_core.docum
ent_loaders import 
BaseBlobParser, BaseLoader
  File "<frozen 
importlib._bootstrap>", line 
1229, in _handle_fromlist
  File "C:\Users\vijay\AppDat
a\Local\Programs\Python\Pytho
n311\Lib\site-packages\langch
ain_core\document_loaders\__i
nit__.py", line 33, in 
__getattr__
    result = 
import_attr(attr_name, 
module_name, __spec__.parent)
             ^^^^^^^^^^^^^^^^
^^^^^^^^^^^^^^^^^^^^^^^^^^^^^
^^^^^^^
  File "C:\Users\vijay\AppDat
a\Local\Programs\Python\Pytho
n311\Lib\site-packages\langch
ain_core\_import_utils.py", 
line 36, in import_attr
    module = import_module(f"
.{module_name}", 
package=package)
             ^^^^^^^^^^^^^^^^
^^^^^^^^^^^^^^^^^^^^^^^^^^^^^
^^^^
  File "C:\Users\vijay\AppDat
a\Local\Programs\Python\Pytho
n311\Lib\importlib\__init__.p
y", line 126, in 
import_module
    return _bootstrap._gcd_im
port(name[level:], package, 
level)
           ^^^^^^^^^^^^^^^^^^
^^^^^^^^^^^^^^^^^^^^^^^^^^^^^
^^^^^
  File "C:\Users\vijay\AppDat
a\Local\Programs\Python\Pytho
n311\Lib\site-packages\langch
ain_core\document_loaders\bas
e.py", line 19, in <module>
    from 
langchain_text_splitters 
import RecursiveCharacterText
Splitter
  File "C:\Users\vijay\AppDat
a\Local\Programs\Python\Pytho
n311\Lib\site-packages\langch
ain_text_splitters\__init__.p
y", line 39, in <module>
    from langchain_text_split
ters.sentence_transformers 
import (
  File "C:\Users\vijay\AppDat
a\Local\Programs\Python\Pytho
n311\Lib\site-packages\langch
ain_text_splitters\sentence_t
ransformers.py", line 11, in 
<module>
    from 
sentence_transformers import 
(  # type: 
ignore[import-not-found, 
unused-ignore]
  File "C:\Users\vijay\AppDat
a\Local\Programs\Python\Pytho
n311\Lib\site-packages\senten
ce_transformers\__init__.py",
 line 15, in <module>
    from sentence_transformer
s.cross_encoder import (
  File "C:\Users\vijay\AppDat
a\Local\Programs\Python\Pytho
n311\Lib\site-packages\senten
ce_transformers\cross_encoder
\__init__.py", line 3, in 
<module>
    from .CrossEncoder 
import CrossEncoder
  File "C:\Users\vijay\AppDat
a\Local\Programs\Python\Pytho
n311\Lib\site-packages\senten
ce_transformers\cross_encoder
\CrossEncoder.py", line 35, 
in <module>
    from sentence_transformer
s.cross_encoder.fit_mixin 
import FitMixin
  File "C:\Users\vijay\AppDat
a\Local\Programs\Python\Pytho
n311\Lib\site-packages\senten
ce_transformers\cross_encoder
\fit_mixin.py", line 20, in 
<module>
    from sentence_transformer
s.datasets.NoDuplicatesDataLo
ader import 
NoDuplicatesDataLoader
  File "C:\Users\vijay\AppDat
a\Local\Programs\Python\Pytho
n311\Lib\site-packages\senten
ce_transformers\datasets\__in
it__.py", line 13, in 
<module>
    from 
.ParallelSentencesDataset 
import 
ParallelSentencesDataset
  File "C:\Users\vijay\AppDat
a\Local\Programs\Python\Pytho
n311\Lib\site-packages\senten
ce_transformers\datasets\Para
llelSentencesDataset.py", 
line 19, in <module>
    from 
sentence_transformers import 
SentenceTransformer
  File "C:\Users\vijay\AppDat
a\Local\Programs\Python\Pytho
n311\Lib\site-packages\senten
ce_transformers\SentenceTrans
former.py", line 45, in 
<module>
    from .peft_mixin import 
PeftAdapterMixin
  File "C:\Users\vijay\AppDat
a\Local\Programs\Python\Pytho
n311\Lib\site-packages\senten
ce_transformers\peft_mixin.py
", line 5, in <module>
    from transformers.integra
tions.peft import 
PeftAdapterMixin as 
PeftAdapterMixinTransformers
  File "C:\Users\vijay\AppDat
a\Local\Programs\Python\Pytho
n311\Lib\site-packages\transf
ormers\integrations\peft.py",
 line 22, in <module>
    from 
..conversion_mapping import (
  File "C:\Users\vijay\AppDat
a\Local\Programs\Python\Pytho
n311\Lib\site-packages\transf
ormers\conversion_mapping.py"
, line 20, in <module>
    from .core_model_loading 
import (
  File "C:\Users\vijay\AppDat
a\Local\Programs\Python\Pytho
n311\Lib\site-packages\transf
ormers\core_model_loading.py"
, line 34, in <module>
    from 
.integrations.accelerate 
import get_device, 
offload_weight
  File "C:\Users\vijay\AppDat
a\Local\Programs\Python\Pytho
n311\Lib\site-packages\transf
ormers\integrations\accelerat
e.py", line 62, in <module>
    ) -> tuple[int, 
list[str], list[nn.Module]]:
                             
       ^^
NameError: name 'nn' is not 
defined
Testing WhisperService...
Loading Whisper model: base...
Whisper model loaded successfully!
WhisperService OK.

Testing NLPService...
NLP Service: Initializing with Ollama (llama3)...
NLPService OK.

Testing AssessmentService...
AssessmentService OK.

Testing RAGService...

CRITICAL ERROR during initialization: name 'nn' is not defined
